[2026-06-05 20:37:58] === STARTING BANANA DETECTION SERVER ===
[2026-06-05 20:37:59] Starting container...
[2026-06-05 20:38:01] Container started.
[2026-06-05 20:39:45] ERROR: API health check timed out.
[2026-06-05 20:44:47] === STARTING BANANA DETECTION SERVER ===
[2026-06-05 20:44:48] Stopped existing container.
[2026-06-05 20:44:49] Starting container...
[2026-06-05 20:44:50] Container started.
[2026-06-05 20:45:16] === STARTING BANANA DETECTION SERVER ===
[2026-06-05 20:45:17] Starting container...
[2026-06-05 20:45:39] === STARTING BANANA DETECTION SERVER ===
[2026-06-05 20:45:40] Starting container...
[2026-06-05 20:46:32] === STARTING BANANA DETECTION SERVER ===
[2026-06-05 20:46:33] Starting container...
[2026-06-05 20:46:33] Container started.
[2026-06-05 21:15:18] === STARTING BANANA DETECTION SERVER ===
[2026-06-05 21:15:19] Starting container...
[2026-06-05 21:15:49] === STARTING BANANA DETECTION SERVER ===
[2026-06-05 21:15:50] Starting container...
[2026-06-05 21:15:51] Container started.
[2026-06-05 21:16:07] API healthy.
[2026-06-05 21:16:07] Starting Cloudflare Tunnel...
[2026-06-05 21:16:12] Tunnel started.
[2026-06-05 21:16:12] === SERVER STARTUP COMPLETE ===
